2025-11-22 19:47:27 DEBUG TestNG:82 - suiteXmlPath: "C:\Users\Nawaz\eclipse-workspace\skill_building_P001\master.xml"
2025-11-22 19:47:28 INFO  Utils:112 - [TestNG] Running:
  C:\Users\Nawaz\eclipse-workspace\skill_building_P001\master.xml

2025-11-22 19:47:31 DEBUG PackageRelationshipCollection:307 - Parsing relationship: /xl/_rels/workbook.xml.rels
2025-11-22 19:47:31 DEBUG PackageRelationshipCollection:307 - Parsing relationship: /xl/worksheets/_rels/sheet1.xml.rels
2025-11-22 19:47:31 DEBUG PackageRelationshipCollection:307 - Parsing relationship: /_rels/.rels
2025-11-22 19:47:32 DEBUG POIXMLFactory:65 - using default POIXMLDocumentPart for http://schemas.openxmlformats.org/officeDocument/2006/relationships/printerSettings
2025-11-22 19:47:32 INFO  TC_Login_DDT_002001:24 - ********** Starting TC_Login_DDT_002001 **********
2025-11-22 19:47:33 INFO  TC_Login_DDT_002001:30 - Navigated to Login page
2025-11-22 19:47:34 INFO  TC_Login_DDT_002001:36 - Provided login details and clicked on Login button
2025-11-22 19:47:34 INFO  TC_Login_DDT_002001:38 - Verifying Login test
2025-11-22 19:47:44 INFO  TC_Login_DDT_002001:56 - In Invalid block
2025-11-22 19:47:44 INFO  TC_Login_DDT_002001:62 - Login test passed
2025-11-22 19:47:44 INFO  TC_Login_DDT_002001:70 - ********** Finished TC_Login_DDT_002001 **********
2025-11-22 19:47:44 INFO  TC_Login_DDT_002001:24 - ********** Starting TC_Login_DDT_002001 **********
2025-11-22 19:47:45 INFO  TC_Login_DDT_002001:30 - Navigated to Login page
2025-11-22 19:47:45 INFO  TC_Login_DDT_002001:36 - Provided login details and clicked on Login button
2025-11-22 19:47:45 INFO  TC_Login_DDT_002001:38 - Verifying Login test
2025-11-22 19:47:47 INFO  TC_Login_DDT_002001:56 - In Invalid block
2025-11-22 19:47:47 ERROR TC_Login_DDT_002001:58 - Login test failed
2025-11-22 19:47:47 DEBUG TC_Login_DDT_002001:67 - Debug log...Test case failed execution
2025-11-22 19:47:47 INFO  TC_Login_DDT_002001:24 - ********** Starting TC_Login_DDT_002001 **********
2025-11-22 19:47:48 INFO  TC_Login_DDT_002001:30 - Navigated to Login page
2025-11-22 19:47:49 INFO  TC_Login_DDT_002001:36 - Provided login details and clicked on Login button
2025-11-22 19:47:49 INFO  TC_Login_DDT_002001:38 - Verifying Login test
2025-11-22 19:47:49 INFO  TC_Login_DDT_002001:44 - In Valid block
2025-11-22 19:47:49 INFO  TC_Login_DDT_002001:46 - Login test passed
2025-11-22 19:47:50 INFO  TC_Login_DDT_002001:70 - ********** Finished TC_Login_DDT_002001 **********
2025-11-22 19:47:50 INFO  TC_Login_DDT_002001:24 - ********** Starting TC_Login_DDT_002001 **********
2025-11-22 19:47:51 INFO  TC_Login_DDT_002001:30 - Navigated to Login page
2025-11-22 19:47:52 INFO  TC_Login_DDT_002001:36 - Provided login details and clicked on Login button
2025-11-22 19:47:52 INFO  TC_Login_DDT_002001:38 - Verifying Login test
2025-11-22 19:47:52 INFO  TC_Login_DDT_002001:44 - In Valid block
2025-11-22 19:47:52 INFO  TC_Login_DDT_002001:46 - Login test passed
2025-11-22 19:47:53 INFO  TC_Login_DDT_002001:70 - ********** Finished TC_Login_DDT_002001 **********
2025-11-22 19:47:53 INFO  TC_Login_DDT_002001:24 - ********** Starting TC_Login_DDT_002001 **********
2025-11-22 19:47:54 INFO  TC_Login_DDT_002001:30 - Navigated to Login page
2025-11-22 19:47:55 INFO  TC_Login_DDT_002001:36 - Provided login details and clicked on Login button
2025-11-22 19:47:55 INFO  TC_Login_DDT_002001:38 - Verifying Login test
2025-11-22 19:47:55 INFO  TC_Login_DDT_002001:44 - In Valid block
2025-11-22 19:47:55 INFO  TC_Login_DDT_002001:46 - Login test passed
2025-11-22 19:47:56 INFO  TC_Login_DDT_002001:70 - ********** Finished TC_Login_DDT_002001 **********
2025-11-22 19:47:56 INFO  TC_Login_DDT_002001:24 - ********** Starting TC_Login_DDT_002001 **********
2025-11-22 19:47:57 INFO  TC_Login_DDT_002001:30 - Navigated to Login page
2025-11-22 19:47:58 INFO  TC_Login_DDT_002001:36 - Provided login details and clicked on Login button
2025-11-22 19:47:58 INFO  TC_Login_DDT_002001:38 - Verifying Login test
2025-11-22 19:48:08 INFO  TC_Login_DDT_002001:56 - In Invalid block
2025-11-22 19:48:08 INFO  TC_Login_DDT_002001:62 - Login test passed
2025-11-22 19:48:08 INFO  TC_Login_DDT_002001:70 - ********** Finished TC_Login_DDT_002001 **********
2025-11-22 19:48:08 INFO  TC_Login_DDT_002001:24 - ********** Starting TC_Login_DDT_002001 **********
2025-11-22 19:48:09 INFO  TC_Login_DDT_002001:30 - Navigated to Login page
2025-11-22 19:48:10 INFO  TC_Login_DDT_002001:36 - Provided login details and clicked on Login button
2025-11-22 19:48:10 INFO  TC_Login_DDT_002001:38 - Verifying Login test
2025-11-22 19:48:20 INFO  TC_Login_DDT_002001:44 - In Valid block
2025-11-22 19:48:20 ERROR TC_Login_DDT_002001:50 - Login test failed
2025-11-22 19:48:20 DEBUG TC_Login_DDT_002001:67 - Debug log...Test case failed execution
