2025-11-24 10:25:59 DEBUG TestNG:82 - suiteXmlPath: "C:\Users\Nawaz\eclipse-workspace\skill_building_P001\master.xml"
2025-11-24 10:25:59 INFO  Utils:112 - [TestNG] Running:
  C:\Users\Nawaz\eclipse-workspace\skill_building_P001\master.xml

2025-11-24 10:26:05 DEBUG PackageRelationshipCollection:307 - Parsing relationship: /xl/_rels/workbook.xml.rels
2025-11-24 10:26:05 DEBUG PackageRelationshipCollection:307 - Parsing relationship: /xl/worksheets/_rels/sheet1.xml.rels
2025-11-24 10:26:05 DEBUG PackageRelationshipCollection:307 - Parsing relationship: /_rels/.rels
2025-11-24 10:26:05 DEBUG POIXMLFactory:65 - using default POIXMLDocumentPart for http://schemas.openxmlformats.org/officeDocument/2006/relationships/printerSettings
2025-11-24 10:26:05 INFO  TC_Login_DDT_002001:24 - ********** Starting TC_Login_DDT_002001 **********
2025-11-24 10:26:06 INFO  TC_Login_DDT_002001:30 - Navigated to Login page
2025-11-24 10:26:06 INFO  TC_Login_DDT_002001:36 - Provided login details and clicked on Login button
2025-11-24 10:26:06 INFO  TC_Login_DDT_002001:38 - Verifying Login test
2025-11-24 10:26:17 INFO  TC_Login_DDT_002001:44 - In Valid block
2025-11-24 10:26:17 ERROR TC_Login_DDT_002001:50 - Login test failed
2025-11-24 10:26:17 DEBUG TC_Login_DDT_002001:68 - Debug log...Test case failed execution
2025-11-24 10:26:17 INFO  TC_Login_DDT_002001:24 - ********** Starting TC_Login_DDT_002001 **********
2025-11-24 10:26:18 INFO  TC_Login_DDT_002001:30 - Navigated to Login page
2025-11-24 10:26:18 INFO  TC_Login_DDT_002001:36 - Provided login details and clicked on Login button
2025-11-24 10:26:18 INFO  TC_Login_DDT_002001:38 - Verifying Login test
2025-11-24 10:26:18 INFO  TC_Login_DDT_002001:44 - In Valid block
2025-11-24 10:26:18 INFO  TC_Login_DDT_002001:46 - Login test passed
2025-11-24 10:26:19 INFO  TC_Login_DDT_002001:71 - ********** Finished TC_Login_DDT_002001 **********
2025-11-24 10:26:19 INFO  TC_Login_DDT_002001:24 - ********** Starting TC_Login_DDT_002001 **********
2025-11-24 10:26:19 INFO  TC_Login_DDT_002001:30 - Navigated to Login page
2025-11-24 10:26:19 INFO  TC_Login_DDT_002001:36 - Provided login details and clicked on Login button
2025-11-24 10:26:19 INFO  TC_Login_DDT_002001:38 - Verifying Login test
2025-11-24 10:26:20 INFO  TC_Login_DDT_002001:44 - In Valid block
2025-11-24 10:26:20 INFO  TC_Login_DDT_002001:46 - Login test passed
2025-11-24 10:26:20 INFO  TC_Login_DDT_002001:71 - ********** Finished TC_Login_DDT_002001 **********
2025-11-24 10:26:20 INFO  TC_Login_DDT_002001:24 - ********** Starting TC_Login_DDT_002001 **********
2025-11-24 10:26:21 INFO  TC_Login_DDT_002001:30 - Navigated to Login page
2025-11-24 10:26:21 INFO  TC_Login_DDT_002001:36 - Provided login details and clicked on Login button
2025-11-24 10:26:21 INFO  TC_Login_DDT_002001:38 - Verifying Login test
2025-11-24 10:26:22 INFO  TC_Login_DDT_002001:44 - In Valid block
2025-11-24 10:26:22 INFO  TC_Login_DDT_002001:46 - Login test passed
2025-11-24 10:26:22 INFO  TC_Login_DDT_002001:71 - ********** Finished TC_Login_DDT_002001 **********
2025-11-24 10:26:22 INFO  TC_Login_DDT_002001:24 - ********** Starting TC_Login_DDT_002001 **********
2025-11-24 10:26:22 INFO  TC_Login_DDT_002001:30 - Navigated to Login page
2025-11-24 10:26:22 INFO  TC_Login_DDT_002001:36 - Provided login details and clicked on Login button
2025-11-24 10:26:22 INFO  TC_Login_DDT_002001:38 - Verifying Login test
2025-11-24 10:26:23 INFO  TC_Login_DDT_002001:44 - In Valid block
2025-11-24 10:26:23 INFO  TC_Login_DDT_002001:46 - Login test passed
2025-11-24 10:26:23 INFO  TC_Login_DDT_002001:71 - ********** Finished TC_Login_DDT_002001 **********
2025-11-24 10:26:23 INFO  TC_Login_DDT_002001:24 - ********** Starting TC_Login_DDT_002001 **********
2025-11-24 10:26:24 INFO  TC_Login_DDT_002001:30 - Navigated to Login page
2025-11-24 10:26:24 INFO  TC_Login_DDT_002001:36 - Provided login details and clicked on Login button
2025-11-24 10:26:24 INFO  TC_Login_DDT_002001:38 - Verifying Login test
2025-11-24 10:26:34 INFO  TC_Login_DDT_002001:44 - In Valid block
2025-11-24 10:26:34 ERROR TC_Login_DDT_002001:50 - Login test failed
2025-11-24 10:26:34 DEBUG TC_Login_DDT_002001:68 - Debug log...Test case failed execution
2025-11-24 10:26:34 INFO  TC_Login_DDT_002001:24 - ********** Starting TC_Login_DDT_002001 **********
2025-11-24 10:26:34 INFO  TC_Login_DDT_002001:30 - Navigated to Login page
2025-11-24 10:26:34 INFO  TC_Login_DDT_002001:36 - Provided login details and clicked on Login button
2025-11-24 10:26:34 INFO  TC_Login_DDT_002001:38 - Verifying Login test
2025-11-24 10:26:35 INFO  TC_Login_DDT_002001:44 - In Valid block
2025-11-24 10:26:35 INFO  TC_Login_DDT_002001:46 - Login test passed
2025-11-24 10:26:35 INFO  TC_Login_DDT_002001:71 - ********** Finished TC_Login_DDT_002001 **********
