2025-11-22 19:57:17 DEBUG TestNG:82 - suiteXmlPath: "C:\Users\Nawaz\eclipse-workspace\skill_building_P001\test-output\testng-failed.xml"
2025-11-22 19:57:18 INFO  Utils:112 - [TestNG] Running:
  C:\Users\Nawaz\eclipse-workspace\skill_building_P001\test-output\testng-failed.xml

2025-11-22 19:57:21 DEBUG PackageRelationshipCollection:307 - Parsing relationship: /xl/_rels/workbook.xml.rels
2025-11-22 19:57:21 DEBUG PackageRelationshipCollection:307 - Parsing relationship: /xl/worksheets/_rels/sheet1.xml.rels
2025-11-22 19:57:21 DEBUG PackageRelationshipCollection:307 - Parsing relationship: /_rels/.rels
2025-11-22 19:57:22 DEBUG POIXMLFactory:65 - using default POIXMLDocumentPart for http://schemas.openxmlformats.org/officeDocument/2006/relationships/printerSettings
2025-11-22 19:57:22 INFO  TC_Login_DDT_002001:24 - ********** Starting TC_Login_DDT_002001 **********
2025-11-22 19:57:23 INFO  TC_Login_DDT_002001:30 - Navigated to Login page
2025-11-22 19:57:23 INFO  TC_Login_DDT_002001:36 - Provided login details and clicked on Login button
2025-11-22 19:57:23 INFO  TC_Login_DDT_002001:38 - Verifying Login test
2025-11-22 19:57:34 INFO  TC_Login_DDT_002001:56 - In Invalid block
2025-11-22 19:57:34 INFO  TC_Login_DDT_002001:62 - Login test passed
2025-11-22 19:57:34 INFO  TC_Login_DDT_002001:70 - ********** Finished TC_Login_DDT_002001 **********
2025-11-22 19:57:34 INFO  TC_Login_DDT_002001:24 - ********** Starting TC_Login_DDT_002001 **********
2025-11-22 19:57:35 INFO  TC_Login_DDT_002001:30 - Navigated to Login page
2025-11-22 19:57:35 INFO  TC_Login_DDT_002001:36 - Provided login details and clicked on Login button
2025-11-22 19:57:35 INFO  TC_Login_DDT_002001:38 - Verifying Login test
2025-11-22 19:57:36 INFO  TC_Login_DDT_002001:56 - In Invalid block
2025-11-22 19:57:36 ERROR TC_Login_DDT_002001:58 - Login test failed
2025-11-22 19:57:37 DEBUG TC_Login_DDT_002001:67 - Debug log...Test case failed execution
