2025-11-22 19:33:54 DEBUG TestNG:82 - suiteXmlPath: "C:\Users\Nawaz\eclipse-workspace\skill_building_P001\master.xml"
2025-11-22 19:33:54 INFO  Utils:112 - [TestNG] Running:
  C:\Users\Nawaz\eclipse-workspace\skill_building_P001\master.xml

2025-11-22 19:33:58 DEBUG PackageRelationshipCollection:307 - Parsing relationship: /xl/_rels/workbook.xml.rels
2025-11-22 19:33:58 DEBUG PackageRelationshipCollection:307 - Parsing relationship: /xl/worksheets/_rels/sheet1.xml.rels
2025-11-22 19:33:58 DEBUG PackageRelationshipCollection:307 - Parsing relationship: /_rels/.rels
2025-11-22 19:33:59 DEBUG POIXMLFactory:65 - using default POIXMLDocumentPart for http://schemas.openxmlformats.org/officeDocument/2006/relationships/printerSettings
2025-11-22 19:33:59 INFO  TC_Login_DDT_002001:24 - ********** Starting TC_Login_DDT_002001 **********
2025-11-22 19:34:00 INFO  TC_Login_DDT_002001:30 - Navigated to Login page
2025-11-22 19:34:01 INFO  TC_Login_DDT_002001:36 - Provided login details and clicked on Login button
2025-11-22 19:34:01 INFO  TC_Login_DDT_002001:38 - Verifying Login test
2025-11-22 19:34:11 INFO  TC_Login_DDT_002001:56 - In Invalid block
2025-11-22 19:34:11 INFO  TC_Login_DDT_002001:62 - Login test passed
2025-11-22 19:34:11 INFO  TC_Login_DDT_002001:70 - ********** Finished TC_Login_DDT_002001 **********
2025-11-22 19:34:11 INFO  TC_Login_DDT_002001:24 - ********** Starting TC_Login_DDT_002001 **********
2025-11-22 19:34:12 INFO  TC_Login_DDT_002001:30 - Navigated to Login page
2025-11-22 19:34:14 INFO  TC_Login_DDT_002001:36 - Provided login details and clicked on Login button
2025-11-22 19:34:14 INFO  TC_Login_DDT_002001:38 - Verifying Login test
2025-11-22 19:34:14 INFO  TC_Login_DDT_002001:56 - In Invalid block
2025-11-22 19:34:14 ERROR TC_Login_DDT_002001:58 - Login test failed
2025-11-22 19:34:14 DEBUG TC_Login_DDT_002001:67 - Debug log...Test case failed execution
2025-11-22 19:34:14 INFO  TC_Login_DDT_002001:24 - ********** Starting TC_Login_DDT_002001 **********
2025-11-22 19:34:15 INFO  TC_Login_DDT_002001:30 - Navigated to Login page
2025-11-22 19:34:16 INFO  TC_Login_DDT_002001:36 - Provided login details and clicked on Login button
2025-11-22 19:34:16 INFO  TC_Login_DDT_002001:38 - Verifying Login test
2025-11-22 19:34:17 INFO  TC_Login_DDT_002001:44 - In Valid block
2025-11-22 19:34:17 INFO  TC_Login_DDT_002001:46 - Login test passed
2025-11-22 19:34:17 INFO  TC_Login_DDT_002001:70 - ********** Finished TC_Login_DDT_002001 **********
2025-11-22 19:34:17 INFO  TC_Login_DDT_002001:24 - ********** Starting TC_Login_DDT_002001 **********
2025-11-22 19:34:18 INFO  TC_Login_DDT_002001:30 - Navigated to Login page
2025-11-22 19:34:20 INFO  TC_Login_DDT_002001:36 - Provided login details and clicked on Login button
2025-11-22 19:34:20 INFO  TC_Login_DDT_002001:38 - Verifying Login test
2025-11-22 19:34:20 INFO  TC_Login_DDT_002001:44 - In Valid block
2025-11-22 19:34:20 INFO  TC_Login_DDT_002001:46 - Login test passed
2025-11-22 19:34:20 INFO  TC_Login_DDT_002001:70 - ********** Finished TC_Login_DDT_002001 **********
2025-11-22 19:34:20 INFO  TC_Login_DDT_002001:24 - ********** Starting TC_Login_DDT_002001 **********
2025-11-22 19:34:21 INFO  TC_Login_DDT_002001:30 - Navigated to Login page
2025-11-22 19:34:23 INFO  TC_Login_DDT_002001:36 - Provided login details and clicked on Login button
2025-11-22 19:34:23 INFO  TC_Login_DDT_002001:38 - Verifying Login test
2025-11-22 19:34:23 INFO  TC_Login_DDT_002001:44 - In Valid block
2025-11-22 19:34:23 INFO  TC_Login_DDT_002001:46 - Login test passed
2025-11-22 19:34:23 INFO  TC_Login_DDT_002001:70 - ********** Finished TC_Login_DDT_002001 **********
2025-11-22 19:34:23 INFO  TC_Login_DDT_002001:24 - ********** Starting TC_Login_DDT_002001 **********
2025-11-22 19:34:24 INFO  TC_Login_DDT_002001:30 - Navigated to Login page
2025-11-22 19:34:25 INFO  TC_Login_DDT_002001:36 - Provided login details and clicked on Login button
2025-11-22 19:34:25 INFO  TC_Login_DDT_002001:38 - Verifying Login test
2025-11-22 19:34:35 INFO  TC_Login_DDT_002001:56 - In Invalid block
2025-11-22 19:34:35 INFO  TC_Login_DDT_002001:62 - Login test passed
2025-11-22 19:34:35 INFO  TC_Login_DDT_002001:70 - ********** Finished TC_Login_DDT_002001 **********
2025-11-22 19:34:35 INFO  TC_Login_DDT_002001:24 - ********** Starting TC_Login_DDT_002001 **********
2025-11-22 19:34:36 INFO  TC_Login_DDT_002001:30 - Navigated to Login page
2025-11-22 19:34:36 INFO  TC_Login_DDT_002001:36 - Provided login details and clicked on Login button
2025-11-22 19:34:36 INFO  TC_Login_DDT_002001:38 - Verifying Login test
2025-11-22 19:34:47 INFO  TC_Login_DDT_002001:44 - In Valid block
2025-11-22 19:34:47 ERROR TC_Login_DDT_002001:50 - Login test failed
2025-11-22 19:34:47 DEBUG TC_Login_DDT_002001:67 - Debug log...Test case failed execution
