2025-11-22 11:25:15 DEBUG TestNG:82 - suiteXmlPath: "C:\Users\Nawaz\eclipse-workspace\skill_building_P001\master.xml"
2025-11-22 11:25:15 INFO  Utils:112 - [TestNG] Running:
  C:\Users\Nawaz\eclipse-workspace\skill_building_P001\master.xml

2025-11-22 11:25:18 DEBUG PackageRelationshipCollection:307 - Parsing relationship: /xl/_rels/workbook.xml.rels
2025-11-22 11:25:18 DEBUG PackageRelationshipCollection:307 - Parsing relationship: /xl/worksheets/_rels/sheet1.xml.rels
2025-11-22 11:25:18 DEBUG PackageRelationshipCollection:307 - Parsing relationship: /_rels/.rels
2025-11-22 11:25:18 DEBUG POIXMLFactory:65 - using default POIXMLDocumentPart for http://schemas.openxmlformats.org/officeDocument/2006/relationships/printerSettings
2025-11-22 11:25:18 DEBUG PackageRelationshipCollection:307 - Parsing relationship: /xl/_rels/workbook.xml.rels
2025-11-22 11:25:18 DEBUG PackageRelationshipCollection:307 - Parsing relationship: /xl/worksheets/_rels/sheet1.xml.rels
2025-11-22 11:25:18 DEBUG PackageRelationshipCollection:307 - Parsing relationship: /_rels/.rels
2025-11-22 11:25:18 DEBUG POIXMLFactory:65 - using default POIXMLDocumentPart for http://schemas.openxmlformats.org/officeDocument/2006/relationships/printerSettings
2025-11-22 11:25:18 DEBUG PackageRelationshipCollection:307 - Parsing relationship: /xl/_rels/workbook.xml.rels
2025-11-22 11:25:18 DEBUG PackageRelationshipCollection:307 - Parsing relationship: /xl/worksheets/_rels/sheet1.xml.rels
2025-11-22 11:25:18 DEBUG PackageRelationshipCollection:307 - Parsing relationship: /_rels/.rels
2025-11-22 11:25:18 DEBUG POIXMLFactory:65 - using default POIXMLDocumentPart for http://schemas.openxmlformats.org/officeDocument/2006/relationships/printerSettings
2025-11-22 11:25:18 DEBUG PackageRelationshipCollection:307 - Parsing relationship: /xl/_rels/workbook.xml.rels
2025-11-22 11:25:18 DEBUG PackageRelationshipCollection:307 - Parsing relationship: /xl/worksheets/_rels/sheet1.xml.rels
2025-11-22 11:25:18 DEBUG PackageRelationshipCollection:307 - Parsing relationship: /_rels/.rels
2025-11-22 11:25:18 DEBUG POIXMLFactory:65 - using default POIXMLDocumentPart for http://schemas.openxmlformats.org/officeDocument/2006/relationships/printerSettings
2025-11-22 11:25:18 DEBUG PackageRelationshipCollection:307 - Parsing relationship: /xl/_rels/workbook.xml.rels
2025-11-22 11:25:18 DEBUG PackageRelationshipCollection:307 - Parsing relationship: /xl/worksheets/_rels/sheet1.xml.rels
2025-11-22 11:25:18 DEBUG PackageRelationshipCollection:307 - Parsing relationship: /_rels/.rels
2025-11-22 11:25:18 DEBUG POIXMLFactory:65 - using default POIXMLDocumentPart for http://schemas.openxmlformats.org/officeDocument/2006/relationships/printerSettings
2025-11-22 11:25:18 DEBUG PackageRelationshipCollection:307 - Parsing relationship: /xl/_rels/workbook.xml.rels
2025-11-22 11:25:18 DEBUG PackageRelationshipCollection:307 - Parsing relationship: /xl/worksheets/_rels/sheet1.xml.rels
2025-11-22 11:25:18 DEBUG PackageRelationshipCollection:307 - Parsing relationship: /_rels/.rels
2025-11-22 11:25:18 DEBUG POIXMLFactory:65 - using default POIXMLDocumentPart for http://schemas.openxmlformats.org/officeDocument/2006/relationships/printerSettings
2025-11-22 11:25:18 DEBUG PackageRelationshipCollection:307 - Parsing relationship: /xl/_rels/workbook.xml.rels
2025-11-22 11:25:18 DEBUG PackageRelationshipCollection:307 - Parsing relationship: /xl/worksheets/_rels/sheet1.xml.rels
2025-11-22 11:25:18 DEBUG PackageRelationshipCollection:307 - Parsing relationship: /_rels/.rels
2025-11-22 11:25:18 DEBUG POIXMLFactory:65 - using default POIXMLDocumentPart for http://schemas.openxmlformats.org/officeDocument/2006/relationships/printerSettings
2025-11-22 11:25:18 DEBUG PackageRelationshipCollection:307 - Parsing relationship: /xl/_rels/workbook.xml.rels
2025-11-22 11:25:18 DEBUG PackageRelationshipCollection:307 - Parsing relationship: /xl/worksheets/_rels/sheet1.xml.rels
2025-11-22 11:25:18 DEBUG PackageRelationshipCollection:307 - Parsing relationship: /_rels/.rels
2025-11-22 11:25:18 DEBUG POIXMLFactory:65 - using default POIXMLDocumentPart for http://schemas.openxmlformats.org/officeDocument/2006/relationships/printerSettings
2025-11-22 11:25:18 DEBUG PackageRelationshipCollection:307 - Parsing relationship: /xl/_rels/workbook.xml.rels
2025-11-22 11:25:18 DEBUG PackageRelationshipCollection:307 - Parsing relationship: /xl/worksheets/_rels/sheet1.xml.rels
2025-11-22 11:25:18 DEBUG PackageRelationshipCollection:307 - Parsing relationship: /_rels/.rels
2025-11-22 11:25:18 DEBUG POIXMLFactory:65 - using default POIXMLDocumentPart for http://schemas.openxmlformats.org/officeDocument/2006/relationships/printerSettings
2025-11-22 11:25:18 DEBUG PackageRelationshipCollection:307 - Parsing relationship: /xl/_rels/workbook.xml.rels
2025-11-22 11:25:18 DEBUG PackageRelationshipCollection:307 - Parsing relationship: /xl/worksheets/_rels/sheet1.xml.rels
2025-11-22 11:25:18 DEBUG PackageRelationshipCollection:307 - Parsing relationship: /_rels/.rels
2025-11-22 11:25:18 DEBUG POIXMLFactory:65 - using default POIXMLDocumentPart for http://schemas.openxmlformats.org/officeDocument/2006/relationships/printerSettings
2025-11-22 11:25:18 DEBUG PackageRelationshipCollection:307 - Parsing relationship: /xl/_rels/workbook.xml.rels
2025-11-22 11:25:18 DEBUG PackageRelationshipCollection:307 - Parsing relationship: /xl/worksheets/_rels/sheet1.xml.rels
2025-11-22 11:25:18 DEBUG PackageRelationshipCollection:307 - Parsing relationship: /_rels/.rels
2025-11-22 11:25:18 DEBUG POIXMLFactory:65 - using default POIXMLDocumentPart for http://schemas.openxmlformats.org/officeDocument/2006/relationships/printerSettings
2025-11-22 11:25:18 DEBUG PackageRelationshipCollection:307 - Parsing relationship: /xl/_rels/workbook.xml.rels
2025-11-22 11:25:18 DEBUG PackageRelationshipCollection:307 - Parsing relationship: /xl/worksheets/_rels/sheet1.xml.rels
2025-11-22 11:25:18 DEBUG PackageRelationshipCollection:307 - Parsing relationship: /_rels/.rels
2025-11-22 11:25:18 DEBUG POIXMLFactory:65 - using default POIXMLDocumentPart for http://schemas.openxmlformats.org/officeDocument/2006/relationships/printerSettings
2025-11-22 11:25:18 DEBUG PackageRelationshipCollection:307 - Parsing relationship: /xl/_rels/workbook.xml.rels
2025-11-22 11:25:18 DEBUG PackageRelationshipCollection:307 - Parsing relationship: /xl/worksheets/_rels/sheet1.xml.rels
2025-11-22 11:25:18 DEBUG PackageRelationshipCollection:307 - Parsing relationship: /_rels/.rels
2025-11-22 11:25:18 DEBUG POIXMLFactory:65 - using default POIXMLDocumentPart for http://schemas.openxmlformats.org/officeDocument/2006/relationships/printerSettings
2025-11-22 11:25:18 DEBUG PackageRelationshipCollection:307 - Parsing relationship: /xl/_rels/workbook.xml.rels
2025-11-22 11:25:18 DEBUG PackageRelationshipCollection:307 - Parsing relationship: /xl/worksheets/_rels/sheet1.xml.rels
2025-11-22 11:25:18 DEBUG PackageRelationshipCollection:307 - Parsing relationship: /_rels/.rels
2025-11-22 11:25:18 DEBUG POIXMLFactory:65 - using default POIXMLDocumentPart for http://schemas.openxmlformats.org/officeDocument/2006/relationships/printerSettings
2025-11-22 11:25:18 DEBUG PackageRelationshipCollection:307 - Parsing relationship: /xl/_rels/workbook.xml.rels
2025-11-22 11:25:18 DEBUG PackageRelationshipCollection:307 - Parsing relationship: /xl/worksheets/_rels/sheet1.xml.rels
2025-11-22 11:25:18 DEBUG PackageRelationshipCollection:307 - Parsing relationship: /_rels/.rels
2025-11-22 11:25:18 DEBUG POIXMLFactory:65 - using default POIXMLDocumentPart for http://schemas.openxmlformats.org/officeDocument/2006/relationships/printerSettings
2025-11-22 11:25:19 DEBUG PackageRelationshipCollection:307 - Parsing relationship: /xl/_rels/workbook.xml.rels
2025-11-22 11:25:19 DEBUG PackageRelationshipCollection:307 - Parsing relationship: /xl/worksheets/_rels/sheet1.xml.rels
2025-11-22 11:25:19 DEBUG PackageRelationshipCollection:307 - Parsing relationship: /_rels/.rels
2025-11-22 11:25:19 DEBUG POIXMLFactory:65 - using default POIXMLDocumentPart for http://schemas.openxmlformats.org/officeDocument/2006/relationships/printerSettings
2025-11-22 11:25:19 DEBUG PackageRelationshipCollection:307 - Parsing relationship: /xl/_rels/workbook.xml.rels
2025-11-22 11:25:19 DEBUG PackageRelationshipCollection:307 - Parsing relationship: /xl/worksheets/_rels/sheet1.xml.rels
2025-11-22 11:25:19 DEBUG PackageRelationshipCollection:307 - Parsing relationship: /_rels/.rels
2025-11-22 11:25:19 DEBUG POIXMLFactory:65 - using default POIXMLDocumentPart for http://schemas.openxmlformats.org/officeDocument/2006/relationships/printerSettings
2025-11-22 11:25:19 DEBUG PackageRelationshipCollection:307 - Parsing relationship: /xl/_rels/workbook.xml.rels
2025-11-22 11:25:19 DEBUG PackageRelationshipCollection:307 - Parsing relationship: /xl/worksheets/_rels/sheet1.xml.rels
2025-11-22 11:25:19 DEBUG PackageRelationshipCollection:307 - Parsing relationship: /_rels/.rels
2025-11-22 11:25:19 DEBUG POIXMLFactory:65 - using default POIXMLDocumentPart for http://schemas.openxmlformats.org/officeDocument/2006/relationships/printerSettings
2025-11-22 11:25:19 DEBUG PackageRelationshipCollection:307 - Parsing relationship: /xl/_rels/workbook.xml.rels
2025-11-22 11:25:19 DEBUG PackageRelationshipCollection:307 - Parsing relationship: /xl/worksheets/_rels/sheet1.xml.rels
2025-11-22 11:25:19 DEBUG PackageRelationshipCollection:307 - Parsing relationship: /_rels/.rels
2025-11-22 11:25:19 DEBUG POIXMLFactory:65 - using default POIXMLDocumentPart for http://schemas.openxmlformats.org/officeDocument/2006/relationships/printerSettings
2025-11-22 11:25:19 DEBUG PackageRelationshipCollection:307 - Parsing relationship: /xl/_rels/workbook.xml.rels
2025-11-22 11:25:19 DEBUG PackageRelationshipCollection:307 - Parsing relationship: /xl/worksheets/_rels/sheet1.xml.rels
2025-11-22 11:25:19 DEBUG PackageRelationshipCollection:307 - Parsing relationship: /_rels/.rels
2025-11-22 11:25:19 DEBUG POIXMLFactory:65 - using default POIXMLDocumentPart for http://schemas.openxmlformats.org/officeDocument/2006/relationships/printerSettings
2025-11-22 11:25:19 DEBUG PackageRelationshipCollection:307 - Parsing relationship: /xl/_rels/workbook.xml.rels
2025-11-22 11:25:19 DEBUG PackageRelationshipCollection:307 - Parsing relationship: /xl/worksheets/_rels/sheet1.xml.rels
2025-11-22 11:25:19 DEBUG PackageRelationshipCollection:307 - Parsing relationship: /_rels/.rels
2025-11-22 11:25:19 DEBUG POIXMLFactory:65 - using default POIXMLDocumentPart for http://schemas.openxmlformats.org/officeDocument/2006/relationships/printerSettings
2025-11-22 11:25:19 DEBUG PackageRelationshipCollection:307 - Parsing relationship: /xl/_rels/workbook.xml.rels
2025-11-22 11:25:19 DEBUG PackageRelationshipCollection:307 - Parsing relationship: /xl/worksheets/_rels/sheet1.xml.rels
2025-11-22 11:25:19 DEBUG PackageRelationshipCollection:307 - Parsing relationship: /_rels/.rels
2025-11-22 11:25:19 DEBUG POIXMLFactory:65 - using default POIXMLDocumentPart for http://schemas.openxmlformats.org/officeDocument/2006/relationships/printerSettings
2025-11-22 11:25:19 DEBUG PackageRelationshipCollection:307 - Parsing relationship: /xl/_rels/workbook.xml.rels
2025-11-22 11:25:19 DEBUG PackageRelationshipCollection:307 - Parsing relationship: /xl/worksheets/_rels/sheet1.xml.rels
2025-11-22 11:25:19 DEBUG PackageRelationshipCollection:307 - Parsing relationship: /_rels/.rels
2025-11-22 11:25:19 DEBUG POIXMLFactory:65 - using default POIXMLDocumentPart for http://schemas.openxmlformats.org/officeDocument/2006/relationships/printerSettings
2025-11-22 11:25:19 INFO  TC_Login_DDT_002001:24 - ********** Starting TC_Login_DDT_002001 **********
2025-11-22 11:25:19 INFO  TC_Login_DDT_002001:30 - Navigated to Login page
2025-11-22 11:25:20 INFO  TC_Login_DDT_002001:36 - Provided login details and clicked on Login button
2025-11-22 11:25:20 INFO  TC_Login_DDT_002001:38 - Verifying Login test
2025-11-22 11:25:30 INFO  TC_Login_DDT_002001:56 - In Invalid block
2025-11-22 11:25:30 INFO  TC_Login_DDT_002001:62 - Login test passed
2025-11-22 11:25:30 INFO  TC_Login_DDT_002001:70 - ********** Finished TC_Login_DDT_002001 **********
2025-11-22 11:25:30 INFO  TC_Login_DDT_002001:24 - ********** Starting TC_Login_DDT_002001 **********
2025-11-22 11:25:31 INFO  TC_Login_DDT_002001:30 - Navigated to Login page
2025-11-22 11:25:31 INFO  TC_Login_DDT_002001:36 - Provided login details and clicked on Login button
2025-11-22 11:25:31 INFO  TC_Login_DDT_002001:38 - Verifying Login test
2025-11-22 11:25:32 INFO  TC_Login_DDT_002001:44 - In Valid block
2025-11-22 11:25:32 INFO  TC_Login_DDT_002001:46 - Login test passed
2025-11-22 11:25:32 INFO  TC_Login_DDT_002001:70 - ********** Finished TC_Login_DDT_002001 **********
2025-11-22 11:25:32 INFO  TC_Login_DDT_002001:24 - ********** Starting TC_Login_DDT_002001 **********
2025-11-22 11:25:33 INFO  TC_Login_DDT_002001:30 - Navigated to Login page
2025-11-22 11:25:34 INFO  TC_Login_DDT_002001:36 - Provided login details and clicked on Login button
2025-11-22 11:25:34 INFO  TC_Login_DDT_002001:38 - Verifying Login test
2025-11-22 11:25:34 INFO  TC_Login_DDT_002001:44 - In Valid block
2025-11-22 11:25:34 INFO  TC_Login_DDT_002001:46 - Login test passed
2025-11-22 11:25:34 INFO  TC_Login_DDT_002001:70 - ********** Finished TC_Login_DDT_002001 **********
2025-11-22 11:25:34 INFO  TC_Login_DDT_002001:24 - ********** Starting TC_Login_DDT_002001 **********
2025-11-22 11:25:34 INFO  TC_Login_DDT_002001:30 - Navigated to Login page
2025-11-22 11:25:35 INFO  TC_Login_DDT_002001:36 - Provided login details and clicked on Login button
2025-11-22 11:25:35 INFO  TC_Login_DDT_002001:38 - Verifying Login test
2025-11-22 11:25:36 INFO  TC_Login_DDT_002001:44 - In Valid block
2025-11-22 11:25:36 INFO  TC_Login_DDT_002001:46 - Login test passed
2025-11-22 11:25:36 INFO  TC_Login_DDT_002001:70 - ********** Finished TC_Login_DDT_002001 **********
2025-11-22 11:25:36 INFO  TC_Login_DDT_002001:24 - ********** Starting TC_Login_DDT_002001 **********
2025-11-22 11:25:36 INFO  TC_Login_DDT_002001:30 - Navigated to Login page
2025-11-22 11:25:36 INFO  TC_Login_DDT_002001:36 - Provided login details and clicked on Login button
2025-11-22 11:25:36 INFO  TC_Login_DDT_002001:38 - Verifying Login test
2025-11-22 11:25:37 INFO  TC_Login_DDT_002001:44 - In Valid block
2025-11-22 11:25:37 INFO  TC_Login_DDT_002001:46 - Login test passed
2025-11-22 11:25:37 INFO  TC_Login_DDT_002001:70 - ********** Finished TC_Login_DDT_002001 **********
2025-11-22 11:25:37 INFO  TC_Login_DDT_002001:24 - ********** Starting TC_Login_DDT_002001 **********
2025-11-22 11:25:38 INFO  TC_Login_DDT_002001:30 - Navigated to Login page
2025-11-22 11:25:38 INFO  TC_Login_DDT_002001:36 - Provided login details and clicked on Login button
2025-11-22 11:25:38 INFO  TC_Login_DDT_002001:38 - Verifying Login test
2025-11-22 11:25:48 INFO  TC_Login_DDT_002001:56 - In Invalid block
2025-11-22 11:25:48 INFO  TC_Login_DDT_002001:62 - Login test passed
2025-11-22 11:25:48 INFO  TC_Login_DDT_002001:70 - ********** Finished TC_Login_DDT_002001 **********
2025-11-22 11:25:48 INFO  TC_Login_DDT_002001:24 - ********** Starting TC_Login_DDT_002001 **********
2025-11-22 11:25:48 INFO  TC_Login_DDT_002001:30 - Navigated to Login page
2025-11-22 11:25:48 INFO  TC_Login_DDT_002001:36 - Provided login details and clicked on Login button
2025-11-22 11:25:48 INFO  TC_Login_DDT_002001:38 - Verifying Login test
2025-11-22 11:25:58 INFO  TC_Login_DDT_002001:44 - In Valid block
2025-11-22 11:25:58 ERROR TC_Login_DDT_002001:50 - Login test failed
2025-11-22 11:25:58 DEBUG TC_Login_DDT_002001:67 - Debug log...Test case failed execution
