2025-11-24 13:17:08 DEBUG TestNG:82 - suiteXmlPath: "C:\Users\Nawaz\eclipse-workspace\skill_building_P001\test-output\testng-failed.xml"
2025-11-24 13:17:09 INFO  Utils:112 - [TestNG] Running:
  C:\Users\Nawaz\eclipse-workspace\skill_building_P001\test-output\testng-failed.xml

2025-11-24 13:17:14 INFO  TC_Login_002:15 - ********** Starting TC_Login_002 **********
2025-11-24 13:17:14 INFO  TC_Login_002:21 - Navigated to Login page
2025-11-24 13:17:15 INFO  TC_Login_002:27 - Provided login details and clicked on Login button
2025-11-24 13:17:15 INFO  TC_Login_002:29 - Verifying Login test
2025-11-24 13:17:25 ERROR TC_Login_002:36 - Login test failed
2025-11-24 13:17:25 DEBUG TC_Login_002:42 - Debug log...
2025-11-24 13:17:27 DEBUG PackageRelationshipCollection:307 - Parsing relationship: /xl/_rels/workbook.xml.rels
2025-11-24 13:17:27 DEBUG PackageRelationshipCollection:307 - Parsing relationship: /xl/worksheets/_rels/sheet1.xml.rels
2025-11-24 13:17:27 DEBUG PackageRelationshipCollection:307 - Parsing relationship: /_rels/.rels
2025-11-24 13:17:28 DEBUG POIXMLFactory:65 - using default POIXMLDocumentPart for http://schemas.openxmlformats.org/officeDocument/2006/relationships/printerSettings
2025-11-24 13:17:28 INFO  TC_Login_DDT_002001:24 - ********** Starting TC_Login_DDT_002001 **********
2025-11-24 13:17:28 INFO  TC_Login_DDT_002001:30 - Navigated to Login page
2025-11-24 13:17:28 INFO  TC_Login_DDT_002001:36 - Provided login details and clicked on Login button
2025-11-24 13:17:28 INFO  TC_Login_DDT_002001:38 - Verifying Login test
2025-11-24 13:17:37 INFO  TC_Login_DDT_002001:44 - In Valid block
2025-11-24 13:17:37 ERROR TC_Login_DDT_002001:50 - Login test failed
2025-11-24 13:17:37 DEBUG TC_Login_DDT_002001:68 - Debug log...Test case failed execution
