2025-11-24 11:57:40 DEBUG TestNG:82 - suiteXmlPath: "C:\Users\Nawaz\eclipse-workspace\skill_building_P001\grouping.xml"
2025-11-24 11:57:40 INFO  Utils:112 - [TestNG] Running:
  C:\Users\Nawaz\eclipse-workspace\skill_building_P001\grouping.xml

2025-11-24 11:57:43 DEBUG PackageRelationshipCollection:307 - Parsing relationship: /xl/_rels/workbook.xml.rels
2025-11-24 11:57:43 DEBUG PackageRelationshipCollection:307 - Parsing relationship: /xl/worksheets/_rels/sheet1.xml.rels
2025-11-24 11:57:43 DEBUG PackageRelationshipCollection:307 - Parsing relationship: /_rels/.rels
2025-11-24 11:57:43 DEBUG POIXMLFactory:65 - using default POIXMLDocumentPart for http://schemas.openxmlformats.org/officeDocument/2006/relationships/printerSettings
2025-11-24 11:57:43 INFO  TC_Login_DDT_002001:24 - ********** Starting TC_Login_DDT_002001 **********
2025-11-24 11:57:43 INFO  TC_Login_DDT_002001:30 - Navigated to Login page
2025-11-24 11:57:44 INFO  TC_Login_DDT_002001:36 - Provided login details and clicked on Login button
2025-11-24 11:57:44 INFO  TC_Login_DDT_002001:38 - Verifying Login test
2025-11-24 11:57:54 INFO  TC_Login_DDT_002001:44 - In Valid block
2025-11-24 11:57:54 ERROR TC_Login_DDT_002001:50 - Login test failed
2025-11-24 11:57:54 DEBUG TC_Login_DDT_002001:68 - Debug log...Test case failed execution
2025-11-24 11:57:54 INFO  TC_Login_DDT_002001:24 - ********** Starting TC_Login_DDT_002001 **********
2025-11-24 11:57:54 INFO  TC_Login_DDT_002001:30 - Navigated to Login page
2025-11-24 11:57:55 INFO  TC_Login_DDT_002001:36 - Provided login details and clicked on Login button
2025-11-24 11:57:55 INFO  TC_Login_DDT_002001:38 - Verifying Login test
2025-11-24 11:57:55 INFO  TC_Login_DDT_002001:44 - In Valid block
2025-11-24 11:57:55 INFO  TC_Login_DDT_002001:46 - Login test passed
2025-11-24 11:57:56 INFO  TC_Login_DDT_002001:71 - ********** Finished TC_Login_DDT_002001 **********
2025-11-24 11:57:56 INFO  TC_Login_DDT_002001:24 - ********** Starting TC_Login_DDT_002001 **********
2025-11-24 11:57:56 INFO  TC_Login_DDT_002001:30 - Navigated to Login page
2025-11-24 11:57:57 INFO  TC_Login_DDT_002001:36 - Provided login details and clicked on Login button
2025-11-24 11:57:57 INFO  TC_Login_DDT_002001:38 - Verifying Login test
2025-11-24 11:57:57 INFO  TC_Login_DDT_002001:44 - In Valid block
2025-11-24 11:57:57 INFO  TC_Login_DDT_002001:46 - Login test passed
2025-11-24 11:57:57 INFO  TC_Login_DDT_002001:71 - ********** Finished TC_Login_DDT_002001 **********
2025-11-24 11:57:57 INFO  TC_Login_DDT_002001:24 - ********** Starting TC_Login_DDT_002001 **********
2025-11-24 11:57:58 INFO  TC_Login_DDT_002001:30 - Navigated to Login page
2025-11-24 11:57:58 INFO  TC_Login_DDT_002001:36 - Provided login details and clicked on Login button
2025-11-24 11:57:58 INFO  TC_Login_DDT_002001:38 - Verifying Login test
2025-11-24 11:57:59 INFO  TC_Login_DDT_002001:44 - In Valid block
2025-11-24 11:57:59 INFO  TC_Login_DDT_002001:46 - Login test passed
2025-11-24 11:57:59 INFO  TC_Login_DDT_002001:71 - ********** Finished TC_Login_DDT_002001 **********
2025-11-24 11:57:59 INFO  TC_Login_DDT_002001:24 - ********** Starting TC_Login_DDT_002001 **********
2025-11-24 11:57:59 INFO  TC_Login_DDT_002001:30 - Navigated to Login page
2025-11-24 11:57:59 INFO  TC_Login_DDT_002001:36 - Provided login details and clicked on Login button
2025-11-24 11:57:59 INFO  TC_Login_DDT_002001:38 - Verifying Login test
2025-11-24 11:58:00 INFO  TC_Login_DDT_002001:44 - In Valid block
2025-11-24 11:58:00 INFO  TC_Login_DDT_002001:46 - Login test passed
2025-11-24 11:58:00 INFO  TC_Login_DDT_002001:71 - ********** Finished TC_Login_DDT_002001 **********
2025-11-24 11:58:00 INFO  TC_Login_DDT_002001:24 - ********** Starting TC_Login_DDT_002001 **********
2025-11-24 11:58:01 INFO  TC_Login_DDT_002001:30 - Navigated to Login page
2025-11-24 11:58:01 INFO  TC_Login_DDT_002001:36 - Provided login details and clicked on Login button
2025-11-24 11:58:01 INFO  TC_Login_DDT_002001:38 - Verifying Login test
2025-11-24 11:58:12 INFO  TC_Login_DDT_002001:44 - In Valid block
2025-11-24 11:58:12 ERROR TC_Login_DDT_002001:50 - Login test failed
2025-11-24 11:58:12 DEBUG TC_Login_DDT_002001:68 - Debug log...Test case failed execution
2025-11-24 11:58:12 INFO  TC_Login_DDT_002001:24 - ********** Starting TC_Login_DDT_002001 **********
2025-11-24 11:58:12 INFO  TC_Login_DDT_002001:30 - Navigated to Login page
2025-11-24 11:58:12 INFO  TC_Login_DDT_002001:36 - Provided login details and clicked on Login button
2025-11-24 11:58:12 INFO  TC_Login_DDT_002001:38 - Verifying Login test
2025-11-24 11:58:13 INFO  TC_Login_DDT_002001:44 - In Valid block
2025-11-24 11:58:13 INFO  TC_Login_DDT_002001:46 - Login test passed
2025-11-24 11:58:13 INFO  TC_Login_DDT_002001:71 - ********** Finished TC_Login_DDT_002001 **********
