2025-11-24 12:00:54 DEBUG TestNG:82 - suiteXmlPath: "C:\Users\Nawaz\eclipse-workspace\skill_building_P001\grouping.xml"
2025-11-24 12:00:55 INFO  Utils:112 - [TestNG] Running:
  C:\Users\Nawaz\eclipse-workspace\skill_building_P001\grouping.xml

2025-11-24 12:00:57 INFO  TC_Registration_001:17 - ********** Starting TC_Registration_001 **********
2025-11-24 12:00:57 INFO  TC_Registration_001:23 - Clicked on My Account link
2025-11-24 12:00:57 INFO  TC_Registration_001:25 - Clicked on Register link
2025-11-24 12:00:58 INFO  TC_Registration_001:37 - Entered all the details in registration form
2025-11-24 12:00:58 INFO  TC_Registration_001:39 - Clicked on Continue button
2025-11-24 12:00:59 INFO  TC_Registration_001:42 - Fetched the confirmation message after registration
2025-11-24 12:00:59 INFO  TC_Registration_001:44 - Account registration successful
2025-11-24 12:00:59 INFO  TC_Registration_001:56 - ********** Finished TC_Registration_001 **********
2025-11-24 12:01:00 INFO  TC_Login_002:15 - ********** Starting TC_Login_002 **********
2025-11-24 12:01:01 INFO  TC_Login_002:21 - Navigated to Login page
2025-11-24 12:01:01 INFO  TC_Login_002:27 - Provided login details and clicked on Login button
2025-11-24 12:01:01 INFO  TC_Login_002:29 - Verifying Login test
2025-11-24 12:01:11 ERROR TC_Login_002:36 - Login test failed
2025-11-24 12:01:11 DEBUG TC_Login_002:42 - Debug log...
2025-11-24 12:01:13 DEBUG PackageRelationshipCollection:307 - Parsing relationship: /xl/_rels/workbook.xml.rels
2025-11-24 12:01:13 DEBUG PackageRelationshipCollection:307 - Parsing relationship: /xl/worksheets/_rels/sheet1.xml.rels
2025-11-24 12:01:13 DEBUG PackageRelationshipCollection:307 - Parsing relationship: /_rels/.rels
2025-11-24 12:01:13 DEBUG POIXMLFactory:65 - using default POIXMLDocumentPart for http://schemas.openxmlformats.org/officeDocument/2006/relationships/printerSettings
2025-11-24 12:01:13 INFO  TC_Login_DDT_002001:24 - ********** Starting TC_Login_DDT_002001 **********
2025-11-24 12:01:14 INFO  TC_Login_DDT_002001:30 - Navigated to Login page
2025-11-24 12:01:15 INFO  TC_Login_DDT_002001:36 - Provided login details and clicked on Login button
2025-11-24 12:01:15 INFO  TC_Login_DDT_002001:38 - Verifying Login test
2025-11-24 12:01:25 INFO  TC_Login_DDT_002001:44 - In Valid block
2025-11-24 12:01:25 ERROR TC_Login_DDT_002001:50 - Login test failed
2025-11-24 12:01:25 DEBUG TC_Login_DDT_002001:68 - Debug log...Test case failed execution
2025-11-24 12:01:25 INFO  TC_Login_DDT_002001:24 - ********** Starting TC_Login_DDT_002001 **********
2025-11-24 12:01:25 INFO  TC_Login_DDT_002001:30 - Navigated to Login page
2025-11-24 12:01:25 INFO  TC_Login_DDT_002001:36 - Provided login details and clicked on Login button
2025-11-24 12:01:25 INFO  TC_Login_DDT_002001:38 - Verifying Login test
2025-11-24 12:01:26 INFO  TC_Login_DDT_002001:44 - In Valid block
2025-11-24 12:01:26 INFO  TC_Login_DDT_002001:46 - Login test passed
2025-11-24 12:01:27 INFO  TC_Login_DDT_002001:71 - ********** Finished TC_Login_DDT_002001 **********
2025-11-24 12:01:27 INFO  TC_Login_DDT_002001:24 - ********** Starting TC_Login_DDT_002001 **********
2025-11-24 12:01:27 INFO  TC_Login_DDT_002001:30 - Navigated to Login page
2025-11-24 12:01:27 INFO  TC_Login_DDT_002001:36 - Provided login details and clicked on Login button
2025-11-24 12:01:27 INFO  TC_Login_DDT_002001:38 - Verifying Login test
2025-11-24 12:01:28 INFO  TC_Login_DDT_002001:44 - In Valid block
2025-11-24 12:01:28 INFO  TC_Login_DDT_002001:46 - Login test passed
2025-11-24 12:01:29 INFO  TC_Login_DDT_002001:71 - ********** Finished TC_Login_DDT_002001 **********
2025-11-24 12:01:29 INFO  TC_Login_DDT_002001:24 - ********** Starting TC_Login_DDT_002001 **********
2025-11-24 12:01:29 INFO  TC_Login_DDT_002001:30 - Navigated to Login page
2025-11-24 12:01:29 INFO  TC_Login_DDT_002001:36 - Provided login details and clicked on Login button
2025-11-24 12:01:29 INFO  TC_Login_DDT_002001:38 - Verifying Login test
2025-11-24 12:01:30 INFO  TC_Login_DDT_002001:44 - In Valid block
2025-11-24 12:01:30 INFO  TC_Login_DDT_002001:46 - Login test passed
2025-11-24 12:01:30 INFO  TC_Login_DDT_002001:71 - ********** Finished TC_Login_DDT_002001 **********
2025-11-24 12:01:30 INFO  TC_Login_DDT_002001:24 - ********** Starting TC_Login_DDT_002001 **********
2025-11-24 12:01:31 INFO  TC_Login_DDT_002001:30 - Navigated to Login page
2025-11-24 12:01:31 INFO  TC_Login_DDT_002001:36 - Provided login details and clicked on Login button
2025-11-24 12:01:31 INFO  TC_Login_DDT_002001:38 - Verifying Login test
2025-11-24 12:01:32 INFO  TC_Login_DDT_002001:44 - In Valid block
2025-11-24 12:01:32 INFO  TC_Login_DDT_002001:46 - Login test passed
2025-11-24 12:01:32 INFO  TC_Login_DDT_002001:71 - ********** Finished TC_Login_DDT_002001 **********
2025-11-24 12:01:32 INFO  TC_Login_DDT_002001:24 - ********** Starting TC_Login_DDT_002001 **********
2025-11-24 12:01:32 INFO  TC_Login_DDT_002001:30 - Navigated to Login page
2025-11-24 12:01:33 INFO  TC_Login_DDT_002001:36 - Provided login details and clicked on Login button
2025-11-24 12:01:33 INFO  TC_Login_DDT_002001:38 - Verifying Login test
2025-11-24 12:01:43 INFO  TC_Login_DDT_002001:44 - In Valid block
2025-11-24 12:01:43 ERROR TC_Login_DDT_002001:50 - Login test failed
2025-11-24 12:01:43 DEBUG TC_Login_DDT_002001:68 - Debug log...Test case failed execution
2025-11-24 12:01:43 INFO  TC_Login_DDT_002001:24 - ********** Starting TC_Login_DDT_002001 **********
2025-11-24 12:01:44 INFO  TC_Login_DDT_002001:30 - Navigated to Login page
2025-11-24 12:01:44 INFO  TC_Login_DDT_002001:36 - Provided login details and clicked on Login button
2025-11-24 12:01:44 INFO  TC_Login_DDT_002001:38 - Verifying Login test
2025-11-24 12:01:45 INFO  TC_Login_DDT_002001:44 - In Valid block
2025-11-24 12:01:45 INFO  TC_Login_DDT_002001:46 - Login test passed
2025-11-24 12:01:45 INFO  TC_Login_DDT_002001:71 - ********** Finished TC_Login_DDT_002001 **********
