2025-11-22 19:28:55 DEBUG TestNG:82 - suiteXmlPath: "C:\Users\Nawaz\eclipse-workspace\skill_building_P001\master.xml"
2025-11-22 19:28:55 INFO  Utils:112 - [TestNG] Running:
  C:\Users\Nawaz\eclipse-workspace\skill_building_P001\master.xml

2025-11-22 19:28:58 DEBUG PackageRelationshipCollection:307 - Parsing relationship: /xl/_rels/workbook.xml.rels
2025-11-22 19:28:58 DEBUG PackageRelationshipCollection:307 - Parsing relationship: /xl/worksheets/_rels/sheet1.xml.rels
2025-11-22 19:28:58 DEBUG PackageRelationshipCollection:307 - Parsing relationship: /_rels/.rels
2025-11-22 19:28:59 DEBUG POIXMLFactory:65 - using default POIXMLDocumentPart for http://schemas.openxmlformats.org/officeDocument/2006/relationships/printerSettings
2025-11-22 19:29:00 DEBUG PackageRelationshipCollection:307 - Parsing relationship: /xl/_rels/workbook.xml.rels
2025-11-22 19:29:00 DEBUG PackageRelationshipCollection:307 - Parsing relationship: /xl/worksheets/_rels/sheet1.xml.rels
2025-11-22 19:29:00 DEBUG PackageRelationshipCollection:307 - Parsing relationship: /_rels/.rels
2025-11-22 19:29:00 DEBUG POIXMLFactory:65 - using default POIXMLDocumentPart for http://schemas.openxmlformats.org/officeDocument/2006/relationships/printerSettings
2025-11-22 19:29:00 DEBUG PackageRelationshipCollection:307 - Parsing relationship: /xl/_rels/workbook.xml.rels
2025-11-22 19:29:00 DEBUG PackageRelationshipCollection:307 - Parsing relationship: /xl/worksheets/_rels/sheet1.xml.rels
2025-11-22 19:29:00 DEBUG PackageRelationshipCollection:307 - Parsing relationship: /_rels/.rels
2025-11-22 19:29:00 DEBUG POIXMLFactory:65 - using default POIXMLDocumentPart for http://schemas.openxmlformats.org/officeDocument/2006/relationships/printerSettings
2025-11-22 19:29:00 DEBUG PackageRelationshipCollection:307 - Parsing relationship: /xl/_rels/workbook.xml.rels
2025-11-22 19:29:00 DEBUG PackageRelationshipCollection:307 - Parsing relationship: /xl/worksheets/_rels/sheet1.xml.rels
2025-11-22 19:29:00 DEBUG PackageRelationshipCollection:307 - Parsing relationship: /_rels/.rels
2025-11-22 19:29:00 DEBUG POIXMLFactory:65 - using default POIXMLDocumentPart for http://schemas.openxmlformats.org/officeDocument/2006/relationships/printerSettings
2025-11-22 19:29:00 DEBUG PackageRelationshipCollection:307 - Parsing relationship: /xl/_rels/workbook.xml.rels
2025-11-22 19:29:00 DEBUG PackageRelationshipCollection:307 - Parsing relationship: /xl/worksheets/_rels/sheet1.xml.rels
2025-11-22 19:29:00 DEBUG PackageRelationshipCollection:307 - Parsing relationship: /_rels/.rels
2025-11-22 19:29:00 DEBUG POIXMLFactory:65 - using default POIXMLDocumentPart for http://schemas.openxmlformats.org/officeDocument/2006/relationships/printerSettings
2025-11-22 19:29:00 DEBUG PackageRelationshipCollection:307 - Parsing relationship: /xl/_rels/workbook.xml.rels
2025-11-22 19:29:00 DEBUG PackageRelationshipCollection:307 - Parsing relationship: /xl/worksheets/_rels/sheet1.xml.rels
2025-11-22 19:29:00 DEBUG PackageRelationshipCollection:307 - Parsing relationship: /_rels/.rels
2025-11-22 19:29:00 DEBUG POIXMLFactory:65 - using default POIXMLDocumentPart for http://schemas.openxmlformats.org/officeDocument/2006/relationships/printerSettings
2025-11-22 19:29:00 DEBUG PackageRelationshipCollection:307 - Parsing relationship: /xl/_rels/workbook.xml.rels
2025-11-22 19:29:00 DEBUG PackageRelationshipCollection:307 - Parsing relationship: /xl/worksheets/_rels/sheet1.xml.rels
2025-11-22 19:29:00 DEBUG PackageRelationshipCollection:307 - Parsing relationship: /_rels/.rels
2025-11-22 19:29:00 DEBUG POIXMLFactory:65 - using default POIXMLDocumentPart for http://schemas.openxmlformats.org/officeDocument/2006/relationships/printerSettings
2025-11-22 19:29:00 DEBUG PackageRelationshipCollection:307 - Parsing relationship: /xl/_rels/workbook.xml.rels
2025-11-22 19:29:00 DEBUG PackageRelationshipCollection:307 - Parsing relationship: /xl/worksheets/_rels/sheet1.xml.rels
2025-11-22 19:29:00 DEBUG PackageRelationshipCollection:307 - Parsing relationship: /_rels/.rels
2025-11-22 19:29:00 DEBUG POIXMLFactory:65 - using default POIXMLDocumentPart for http://schemas.openxmlformats.org/officeDocument/2006/relationships/printerSettings
2025-11-22 19:29:00 DEBUG PackageRelationshipCollection:307 - Parsing relationship: /xl/_rels/workbook.xml.rels
2025-11-22 19:29:00 DEBUG PackageRelationshipCollection:307 - Parsing relationship: /xl/worksheets/_rels/sheet1.xml.rels
2025-11-22 19:29:00 DEBUG PackageRelationshipCollection:307 - Parsing relationship: /_rels/.rels
2025-11-22 19:29:00 DEBUG POIXMLFactory:65 - using default POIXMLDocumentPart for http://schemas.openxmlformats.org/officeDocument/2006/relationships/printerSettings
2025-11-22 19:29:00 DEBUG PackageRelationshipCollection:307 - Parsing relationship: /xl/_rels/workbook.xml.rels
2025-11-22 19:29:00 DEBUG PackageRelationshipCollection:307 - Parsing relationship: /xl/worksheets/_rels/sheet1.xml.rels
2025-11-22 19:29:00 DEBUG PackageRelationshipCollection:307 - Parsing relationship: /_rels/.rels
2025-11-22 19:29:00 DEBUG POIXMLFactory:65 - using default POIXMLDocumentPart for http://schemas.openxmlformats.org/officeDocument/2006/relationships/printerSettings
2025-11-22 19:29:00 DEBUG PackageRelationshipCollection:307 - Parsing relationship: /xl/_rels/workbook.xml.rels
2025-11-22 19:29:00 DEBUG PackageRelationshipCollection:307 - Parsing relationship: /xl/worksheets/_rels/sheet1.xml.rels
2025-11-22 19:29:00 DEBUG PackageRelationshipCollection:307 - Parsing relationship: /_rels/.rels
2025-11-22 19:29:00 DEBUG POIXMLFactory:65 - using default POIXMLDocumentPart for http://schemas.openxmlformats.org/officeDocument/2006/relationships/printerSettings
2025-11-22 19:29:00 DEBUG PackageRelationshipCollection:307 - Parsing relationship: /xl/_rels/workbook.xml.rels
2025-11-22 19:29:00 DEBUG PackageRelationshipCollection:307 - Parsing relationship: /xl/worksheets/_rels/sheet1.xml.rels
2025-11-22 19:29:00 DEBUG PackageRelationshipCollection:307 - Parsing relationship: /_rels/.rels
2025-11-22 19:29:00 DEBUG POIXMLFactory:65 - using default POIXMLDocumentPart for http://schemas.openxmlformats.org/officeDocument/2006/relationships/printerSettings
2025-11-22 19:29:00 DEBUG PackageRelationshipCollection:307 - Parsing relationship: /xl/_rels/workbook.xml.rels
2025-11-22 19:29:00 DEBUG PackageRelationshipCollection:307 - Parsing relationship: /xl/worksheets/_rels/sheet1.xml.rels
2025-11-22 19:29:00 DEBUG PackageRelationshipCollection:307 - Parsing relationship: /_rels/.rels
2025-11-22 19:29:00 DEBUG POIXMLFactory:65 - using default POIXMLDocumentPart for http://schemas.openxmlformats.org/officeDocument/2006/relationships/printerSettings
2025-11-22 19:29:00 DEBUG PackageRelationshipCollection:307 - Parsing relationship: /xl/_rels/workbook.xml.rels
2025-11-22 19:29:00 DEBUG PackageRelationshipCollection:307 - Parsing relationship: /xl/worksheets/_rels/sheet1.xml.rels
2025-11-22 19:29:00 DEBUG PackageRelationshipCollection:307 - Parsing relationship: /_rels/.rels
2025-11-22 19:29:00 DEBUG POIXMLFactory:65 - using default POIXMLDocumentPart for http://schemas.openxmlformats.org/officeDocument/2006/relationships/printerSettings
2025-11-22 19:29:00 DEBUG PackageRelationshipCollection:307 - Parsing relationship: /xl/_rels/workbook.xml.rels
2025-11-22 19:29:00 DEBUG PackageRelationshipCollection:307 - Parsing relationship: /xl/worksheets/_rels/sheet1.xml.rels
2025-11-22 19:29:00 DEBUG PackageRelationshipCollection:307 - Parsing relationship: /_rels/.rels
2025-11-22 19:29:00 DEBUG POIXMLFactory:65 - using default POIXMLDocumentPart for http://schemas.openxmlformats.org/officeDocument/2006/relationships/printerSettings
2025-11-22 19:29:00 DEBUG PackageRelationshipCollection:307 - Parsing relationship: /xl/_rels/workbook.xml.rels
2025-11-22 19:29:00 DEBUG PackageRelationshipCollection:307 - Parsing relationship: /xl/worksheets/_rels/sheet1.xml.rels
2025-11-22 19:29:00 DEBUG PackageRelationshipCollection:307 - Parsing relationship: /_rels/.rels
2025-11-22 19:29:00 DEBUG POIXMLFactory:65 - using default POIXMLDocumentPart for http://schemas.openxmlformats.org/officeDocument/2006/relationships/printerSettings
2025-11-22 19:29:01 DEBUG PackageRelationshipCollection:307 - Parsing relationship: /xl/_rels/workbook.xml.rels
2025-11-22 19:29:01 DEBUG PackageRelationshipCollection:307 - Parsing relationship: /xl/worksheets/_rels/sheet1.xml.rels
2025-11-22 19:29:01 DEBUG PackageRelationshipCollection:307 - Parsing relationship: /_rels/.rels
2025-11-22 19:29:01 DEBUG POIXMLFactory:65 - using default POIXMLDocumentPart for http://schemas.openxmlformats.org/officeDocument/2006/relationships/printerSettings
2025-11-22 19:29:01 DEBUG PackageRelationshipCollection:307 - Parsing relationship: /xl/_rels/workbook.xml.rels
2025-11-22 19:29:01 DEBUG PackageRelationshipCollection:307 - Parsing relationship: /xl/worksheets/_rels/sheet1.xml.rels
2025-11-22 19:29:01 DEBUG PackageRelationshipCollection:307 - Parsing relationship: /_rels/.rels
2025-11-22 19:29:01 DEBUG POIXMLFactory:65 - using default POIXMLDocumentPart for http://schemas.openxmlformats.org/officeDocument/2006/relationships/printerSettings
2025-11-22 19:29:01 DEBUG PackageRelationshipCollection:307 - Parsing relationship: /xl/_rels/workbook.xml.rels
2025-11-22 19:29:01 DEBUG PackageRelationshipCollection:307 - Parsing relationship: /xl/worksheets/_rels/sheet1.xml.rels
2025-11-22 19:29:01 DEBUG PackageRelationshipCollection:307 - Parsing relationship: /_rels/.rels
2025-11-22 19:29:01 DEBUG POIXMLFactory:65 - using default POIXMLDocumentPart for http://schemas.openxmlformats.org/officeDocument/2006/relationships/printerSettings
2025-11-22 19:29:01 DEBUG PackageRelationshipCollection:307 - Parsing relationship: /xl/_rels/workbook.xml.rels
2025-11-22 19:29:01 DEBUG PackageRelationshipCollection:307 - Parsing relationship: /xl/worksheets/_rels/sheet1.xml.rels
2025-11-22 19:29:01 DEBUG PackageRelationshipCollection:307 - Parsing relationship: /_rels/.rels
2025-11-22 19:29:01 DEBUG POIXMLFactory:65 - using default POIXMLDocumentPart for http://schemas.openxmlformats.org/officeDocument/2006/relationships/printerSettings
2025-11-22 19:29:01 DEBUG PackageRelationshipCollection:307 - Parsing relationship: /xl/_rels/workbook.xml.rels
2025-11-22 19:29:01 DEBUG PackageRelationshipCollection:307 - Parsing relationship: /xl/worksheets/_rels/sheet1.xml.rels
2025-11-22 19:29:01 DEBUG PackageRelationshipCollection:307 - Parsing relationship: /_rels/.rels
2025-11-22 19:29:01 DEBUG POIXMLFactory:65 - using default POIXMLDocumentPart for http://schemas.openxmlformats.org/officeDocument/2006/relationships/printerSettings
2025-11-22 19:29:01 DEBUG PackageRelationshipCollection:307 - Parsing relationship: /xl/_rels/workbook.xml.rels
2025-11-22 19:29:01 DEBUG PackageRelationshipCollection:307 - Parsing relationship: /xl/worksheets/_rels/sheet1.xml.rels
2025-11-22 19:29:01 DEBUG PackageRelationshipCollection:307 - Parsing relationship: /_rels/.rels
2025-11-22 19:29:01 DEBUG POIXMLFactory:65 - using default POIXMLDocumentPart for http://schemas.openxmlformats.org/officeDocument/2006/relationships/printerSettings
2025-11-22 19:29:01 DEBUG PackageRelationshipCollection:307 - Parsing relationship: /xl/_rels/workbook.xml.rels
2025-11-22 19:29:01 DEBUG PackageRelationshipCollection:307 - Parsing relationship: /xl/worksheets/_rels/sheet1.xml.rels
2025-11-22 19:29:01 DEBUG PackageRelationshipCollection:307 - Parsing relationship: /_rels/.rels
2025-11-22 19:29:01 DEBUG POIXMLFactory:65 - using default POIXMLDocumentPart for http://schemas.openxmlformats.org/officeDocument/2006/relationships/printerSettings
2025-11-22 19:29:01 INFO  TC_Login_DDT_002001:24 - ********** Starting TC_Login_DDT_002001 **********
2025-11-22 19:29:02 INFO  TC_Login_DDT_002001:30 - Navigated to Login page
2025-11-22 19:29:03 INFO  TC_Login_DDT_002001:36 - Provided login details and clicked on Login button
2025-11-22 19:29:03 INFO  TC_Login_DDT_002001:38 - Verifying Login test
2025-11-22 19:29:13 INFO  TC_Login_DDT_002001:56 - In Invalid block
2025-11-22 19:29:13 INFO  TC_Login_DDT_002001:62 - Login test passed
2025-11-22 19:29:13 INFO  TC_Login_DDT_002001:70 - ********** Finished TC_Login_DDT_002001 **********
2025-11-22 19:29:13 INFO  TC_Login_DDT_002001:24 - ********** Starting TC_Login_DDT_002001 **********
2025-11-22 19:29:14 INFO  TC_Login_DDT_002001:30 - Navigated to Login page
2025-11-22 19:29:15 INFO  TC_Login_DDT_002001:36 - Provided login details and clicked on Login button
2025-11-22 19:29:15 INFO  TC_Login_DDT_002001:38 - Verifying Login test
2025-11-22 19:29:15 INFO  TC_Login_DDT_002001:56 - In Invalid block
2025-11-22 19:29:15 ERROR TC_Login_DDT_002001:58 - Login test failed
2025-11-22 19:29:16 DEBUG TC_Login_DDT_002001:67 - Debug log...Test case failed execution
2025-11-22 19:29:16 INFO  TC_Login_DDT_002001:24 - ********** Starting TC_Login_DDT_002001 **********
2025-11-22 19:29:16 INFO  TC_Login_DDT_002001:30 - Navigated to Login page
2025-11-22 19:29:17 INFO  TC_Login_DDT_002001:36 - Provided login details and clicked on Login button
2025-11-22 19:29:17 INFO  TC_Login_DDT_002001:38 - Verifying Login test
2025-11-22 19:29:18 INFO  TC_Login_DDT_002001:44 - In Valid block
2025-11-22 19:29:18 INFO  TC_Login_DDT_002001:46 - Login test passed
2025-11-22 19:29:18 INFO  TC_Login_DDT_002001:70 - ********** Finished TC_Login_DDT_002001 **********
2025-11-22 19:29:18 INFO  TC_Login_DDT_002001:24 - ********** Starting TC_Login_DDT_002001 **********
2025-11-22 19:29:19 INFO  TC_Login_DDT_002001:30 - Navigated to Login page
2025-11-22 19:29:21 INFO  TC_Login_DDT_002001:36 - Provided login details and clicked on Login button
2025-11-22 19:29:21 INFO  TC_Login_DDT_002001:38 - Verifying Login test
2025-11-22 19:29:21 INFO  TC_Login_DDT_002001:44 - In Valid block
2025-11-22 19:29:21 INFO  TC_Login_DDT_002001:46 - Login test passed
2025-11-22 19:29:22 INFO  TC_Login_DDT_002001:70 - ********** Finished TC_Login_DDT_002001 **********
2025-11-22 19:29:22 INFO  TC_Login_DDT_002001:24 - ********** Starting TC_Login_DDT_002001 **********
2025-11-22 19:29:22 INFO  TC_Login_DDT_002001:30 - Navigated to Login page
2025-11-22 19:29:24 INFO  TC_Login_DDT_002001:36 - Provided login details and clicked on Login button
2025-11-22 19:29:24 INFO  TC_Login_DDT_002001:38 - Verifying Login test
2025-11-22 19:29:24 INFO  TC_Login_DDT_002001:44 - In Valid block
2025-11-22 19:29:24 INFO  TC_Login_DDT_002001:46 - Login test passed
2025-11-22 19:29:25 INFO  TC_Login_DDT_002001:70 - ********** Finished TC_Login_DDT_002001 **********
2025-11-22 19:29:25 INFO  TC_Login_DDT_002001:24 - ********** Starting TC_Login_DDT_002001 **********
2025-11-22 19:29:25 INFO  TC_Login_DDT_002001:30 - Navigated to Login page
2025-11-22 19:29:27 INFO  TC_Login_DDT_002001:36 - Provided login details and clicked on Login button
2025-11-22 19:29:27 INFO  TC_Login_DDT_002001:38 - Verifying Login test
2025-11-22 19:29:37 INFO  TC_Login_DDT_002001:56 - In Invalid block
2025-11-22 19:29:37 INFO  TC_Login_DDT_002001:62 - Login test passed
2025-11-22 19:29:37 INFO  TC_Login_DDT_002001:70 - ********** Finished TC_Login_DDT_002001 **********
2025-11-22 19:29:37 INFO  TC_Login_DDT_002001:24 - ********** Starting TC_Login_DDT_002001 **********
2025-11-22 19:29:37 INFO  TC_Login_DDT_002001:30 - Navigated to Login page
2025-11-22 19:29:39 INFO  TC_Login_DDT_002001:36 - Provided login details and clicked on Login button
2025-11-22 19:29:39 INFO  TC_Login_DDT_002001:38 - Verifying Login test
2025-11-22 19:29:49 INFO  TC_Login_DDT_002001:44 - In Valid block
2025-11-22 19:29:49 ERROR TC_Login_DDT_002001:50 - Login test failed
2025-11-22 19:29:49 DEBUG TC_Login_DDT_002001:67 - Debug log...Test case failed execution
